--------------------------------------------------------------------------------
Release 14.7 Trace  (nt)
Copyright (c) 1995-2013 Xilinx, Inc.  All rights reserved.

E:\Xilinx\14.7\ISE_DS\ISE\bin\nt\unwrapped\trce.exe -intstyle ise -v 3 -s 3 -n
3 -fastpaths -xml top_instruccion.twx top_instruccion.ncd -o
top_instruccion.twr top_instruccion.pcf -ucf top_instruccion.ucf

Design file:              top_instruccion.ncd
Physical constraint file: top_instruccion.pcf
Device,package,speed:     xc6slx16,csg324,C,-3 (PRODUCTION 1.23 2013-10-13)
Report level:             verbose report

Environment Variable      Effect 
--------------------      ------ 
NONE                      No environment variables were set
--------------------------------------------------------------------------------

INFO:Timing:2698 - No timing constraints found, doing default enumeration.
INFO:Timing:3412 - To improve timing, see the Timing Closure User Guide (UG612).
INFO:Timing:2752 - To get complete path coverage, use the unconstrained paths 
   option. All paths that are not constrained will be reported in the 
   unconstrained paths section(s) of the report.
INFO:Timing:3339 - The clock-to-out numbers in this timing report are based on 
   a 50 Ohm transmission line loading model.  For the details of this model, 
   and for more information on accounting for different loading conditions, 
   please see the device datasheet.



Data Sheet report:
-----------------
All values displayed in nanoseconds (ns)

Setup/Hold to clock clk
------------+------------+------------+------------+------------+------------------+--------+
            |Max Setup to|  Process   |Max Hold to |  Process   |                  | Clock  |
Source      | clk (edge) |   Corner   | clk (edge) |   Corner   |Internal Clock(s) | Phase  |
------------+------------+------------+------------+------------+------------------+--------+
D<0>        |    1.862(R)|      SLOW  |   -1.138(R)|      FAST  |clk_BUFGP         |   0.000|
D<1>        |    2.608(R)|      SLOW  |   -1.457(R)|      FAST  |clk_BUFGP         |   0.000|
D<2>        |    1.811(R)|      SLOW  |   -1.127(R)|      FAST  |clk_BUFGP         |   0.000|
D<3>        |    2.655(R)|      SLOW  |   -1.561(R)|      FAST  |clk_BUFGP         |   0.000|
R<0>        |    1.565(R)|      SLOW  |   -0.916(R)|      FAST  |clk_BUFGP         |   0.000|
R<1>        |    2.113(R)|      SLOW  |   -1.394(R)|      FAST  |clk_BUFGP         |   0.000|
R<2>        |    1.892(R)|      SLOW  |   -1.135(R)|      FAST  |clk_BUFGP         |   0.000|
R<3>        |    2.452(R)|      SLOW  |   -1.631(R)|      FAST  |clk_BUFGP         |   0.000|
clr         |    2.457(R)|      SLOW  |   -1.158(R)|      FAST  |clk_BUFGP         |   0.000|
inicio      |    2.157(R)|      SLOW  |   -1.211(R)|      FAST  |clk_BUFGP         |   0.000|
operacion<0>|    5.366(R)|      SLOW  |   -2.131(R)|      FAST  |clk_BUFGP         |   0.000|
operacion<1>|    3.744(R)|      SLOW  |   -1.542(R)|      FAST  |clk_BUFGP         |   0.000|
operacion<2>|    4.627(R)|      SLOW  |   -2.071(R)|      FAST  |clk_BUFGP         |   0.000|
------------+------------+------------+------------+------------+------------------+--------+

Clock clk to Pad
------------+-----------------+------------+-----------------+------------+------------------+--------+
            |Max (slowest) clk|  Process   |Min (fastest) clk|  Process   |                  | Clock  |
Destination |  (edge) to PAD  |   Corner   |  (edge) to PAD  |   Corner   |Internal Clock(s) | Phase  |
------------+-----------------+------------+-----------------+------------+------------------+--------+
banderas<0> |         8.902(R)|      SLOW  |         4.772(R)|      FAST  |clk_BUFGP         |   0.000|
banderas<1> |         8.523(R)|      SLOW  |         4.584(R)|      FAST  |clk_BUFGP         |   0.000|
banderas<2> |         8.544(R)|      SLOW  |         4.590(R)|      FAST  |clk_BUFGP         |   0.000|
resultado<0>|         9.473(R)|      SLOW  |         5.268(R)|      FAST  |clk_BUFGP         |   0.000|
resultado<1>|         9.401(R)|      SLOW  |         5.218(R)|      FAST  |clk_BUFGP         |   0.000|
resultado<2>|         9.248(R)|      SLOW  |         5.102(R)|      FAST  |clk_BUFGP         |   0.000|
resultado<3>|         9.259(R)|      SLOW  |         5.108(R)|      FAST  |clk_BUFGP         |   0.000|
------------+-----------------+------------+-----------------+------------+------------------+--------+

Clock to Setup on destination clock clk
---------------+---------+---------+---------+---------+
               | Src:Rise| Src:Fall| Src:Rise| Src:Fall|
Source Clock   |Dest:Rise|Dest:Rise|Dest:Fall|Dest:Fall|
---------------+---------+---------+---------+---------+
clk            |    3.117|         |         |         |
---------------+---------+---------+---------+---------+


Analysis completed Tue Mar 26 03:45:10 2024 
--------------------------------------------------------------------------------

Trace Settings:
-------------------------
Trace Settings 

Peak Memory Usage: 133 MB



