Release 14.7 - xst P.20131013 (nt)
Copyright (c) 1995-2013 Xilinx, Inc.  All rights reserved.
--> Parameter TMPDIR set to xst/projnav.tmp


Total REAL time to Xst completion: 0.00 secs
Total CPU time to Xst completion: 0.14 secs
 
--> Parameter xsthdpdir set to xst


Total REAL time to Xst completion: 0.00 secs
Total CPU time to Xst completion: 0.14 secs
 
--> Reading design: archivo_registro.prj

TABLE OF CONTENTS
  1) Synthesis Options Summary
  2) HDL Parsing
  3) HDL Elaboration
  4) HDL Synthesis
       4.1) HDL Synthesis Report
  5) Advanced HDL Synthesis
       5.1) Advanced HDL Synthesis Report
  6) Low Level Synthesis
  7) Partition Report
  8) Design Summary
       8.1) Primitive and Black Box Usage
       8.2) Device utilization summary
       8.3) Partition Resource Summary
       8.4) Timing Report
            8.4.1) Clock Information
            8.4.2) Asynchronous Control Signals Information
            8.4.3) Timing Summary
            8.4.4) Timing Details
            8.4.5) Cross Clock Domains Report


=========================================================================
*                      Synthesis Options Summary                        *
=========================================================================
---- Source Parameters
Input File Name                    : "archivo_registro.prj"
Ignore Synthesis Constraint File   : NO

---- Target Parameters
Output File Name                   : "archivo_registro"
Output Format                      : NGC
Target Device                      : xc6slx16-3-csg324

---- Source Options
Top Module Name                    : archivo_registro
Automatic FSM Extraction           : YES
FSM Encoding Algorithm             : Auto
Safe Implementation                : No
FSM Style                          : LUT
RAM Extraction                     : Yes
RAM Style                          : Auto
ROM Extraction                     : Yes
Shift Register Extraction          : YES
ROM Style                          : Auto
Resource Sharing                   : YES
Asynchronous To Synchronous        : NO
Shift Register Minimum Size        : 2
Use DSP Block                      : Auto
Automatic Register Balancing       : No

---- Target Options
LUT Combining                      : Auto
Reduce Control Sets                : Auto
Add IO Buffers                     : YES
Global Maximum Fanout              : 100000
Add Generic Clock Buffer(BUFG)     : 16
Register Duplication               : YES
Optimize Instantiated Primitives   : NO
Use Clock Enable                   : Auto
Use Synchronous Set                : Auto
Use Synchronous Reset              : Auto
Pack IO Registers into IOBs        : Auto
Equivalent register Removal        : YES

---- General Options
Optimization Goal                  : Speed
Optimization Effort                : 1
Power Reduction                    : NO
Keep Hierarchy                     : No
Netlist Hierarchy                  : As_Optimized
RTL Output                         : Yes
Global Optimization                : AllClockNets
Read Cores                         : YES
Write Timing Constraints           : NO
Cross Clock Analysis               : NO
Hierarchy Separator                : /
Bus Delimiter                      : <>
Case Specifier                     : Maintain
Slice Utilization Ratio            : 100
BRAM Utilization Ratio             : 100
DSP48 Utilization Ratio            : 100
Auto BRAM Packing                  : NO
Slice Utilization Ratio Delta      : 5

=========================================================================


=========================================================================
*                          HDL Parsing                                  *
=========================================================================
Parsing VHDL file "C:\Documents and Settings\Juan Molina\Mis documentos\Arquitectura\Practica4\registro\registro.vhd" into library work
Parsing entity <registro>.
Parsing architecture <Behavioral> of entity <registro>.
Parsing VHDL file "C:\Documents and Settings\Juan Molina\Mis documentos\Arquitectura\Practica4\mux_32_1\mux_32_1.vhd" into library work
Parsing entity <mux_32_1>.
Parsing architecture <Behavioral> of entity <mux_32_1>.
Parsing VHDL file "C:\Documents and Settings\Juan Molina\Mis documentos\Arquitectura\Practica4\d_5a32\d_5a32.vhd" into library work
Parsing entity <d_5a32>.
Parsing architecture <Behavioral> of entity <d_5a32>.
Parsing VHDL file "C:\Documents and Settings\Juan Molina\Mis documentos\Arquitectura\Practica4\archivo_registro\archivo_registro.vhd" into library work
Parsing entity <archivo_registro>.
Parsing architecture <Behavioral> of entity <archivo_registro>.

=========================================================================
*                            HDL Elaboration                            *
=========================================================================

Elaborating entity <archivo_registro> (architecture <Behavioral>) from library <work>.

Elaborating entity <d_5a32> (architecture <Behavioral>) from library <work>.

Elaborating entity <registro> (architecture <Behavioral>) with generics from library <work>.

Elaborating entity <mux_32_1> (architecture <Behavioral>) with generics from library <work>.

=========================================================================
*                           HDL Synthesis                               *
=========================================================================

Synthesizing Unit <archivo_registro>.
    Related source file is "C:\Documents and Settings\Juan Molina\Mis documentos\Arquitectura\Practica4\archivo_registro\archivo_registro.vhd".
    Summary:
	no macro.
Unit <archivo_registro> synthesized.

Synthesizing Unit <d_5a32>.
    Related source file is "C:\Documents and Settings\Juan Molina\Mis documentos\Arquitectura\Practica4\d_5a32\d_5a32.vhd".
    Found 32x32-bit Read Only RAM for signal <sel_w_d[4]_PWR_4_o_wide_mux_0_OUT>
    Summary:
	inferred   1 RAM(s).
	inferred   1 Multiplexer(s).
Unit <d_5a32> synthesized.

Synthesizing Unit <registro>.
    Related source file is "C:\Documents and Settings\Juan Molina\Mis documentos\Arquitectura\Practica4\registro\registro.vhd".
        N = 4
    Found 4-bit register for signal <q_aux>.
    Summary:
	inferred   4 D-type flip-flop(s).
Unit <registro> synthesized.

Synthesizing Unit <mux_32_1>.
    Related source file is "C:\Documents and Settings\Juan Molina\Mis documentos\Arquitectura\Practica4\mux_32_1\mux_32_1.vhd".
        N = 4
    Found 4-bit 32-to-1 multiplexer for signal <O> created at line 36.
    Summary:
	inferred   1 Multiplexer(s).
Unit <mux_32_1> synthesized.

=========================================================================
HDL Synthesis Report

Macro Statistics
# RAMs                                                 : 1
 32x32-bit single-port Read Only RAM                   : 1
# Registers                                            : 32
 4-bit register                                        : 32
# Multiplexers                                         : 3
 32-bit 2-to-1 multiplexer                             : 1
 4-bit 32-to-1 multiplexer                             : 2

=========================================================================

=========================================================================
*                       Advanced HDL Synthesis                          *
=========================================================================


Synthesizing (advanced) Unit <d_5a32>.
INFO:Xst:3218 - HDL ADVISOR - The RAM <Mram_sel_w_d[4]_PWR_4_o_wide_mux_0_OUT> will be implemented on LUTs either because you have described an asynchronous read or because of currently unsupported block RAM features. If you have described an asynchronous read, making it synchronous would allow you to take advantage of available block RAM resources, for optimized device usage and improved timings. Please refer to your documentation for coding guidelines.
    -----------------------------------------------------------------------
    | ram_type           | Distributed                         |          |
    -----------------------------------------------------------------------
    | Port A                                                              |
    |     aspect ratio   | 32-word x 32-bit                    |          |
    |     weA            | connected to signal <GND>           | high     |
    |     addrA          | connected to signal <sel_w_d>       |          |
    |     diA            | connected to signal <GND>           |          |
    |     doA            | connected to internal node          |          |
    -----------------------------------------------------------------------
Unit <d_5a32> synthesized (advanced).

=========================================================================
Advanced HDL Synthesis Report

Macro Statistics
# RAMs                                                 : 1
 32x32-bit single-port distributed Read Only RAM       : 1
# Registers                                            : 128
 Flip-Flops                                            : 128
# Multiplexers                                         : 3
 32-bit 2-to-1 multiplexer                             : 1
 4-bit 32-to-1 multiplexer                             : 2

=========================================================================

=========================================================================
*                         Low Level Synthesis                           *
=========================================================================

Optimizing unit <archivo_registro> ...

Mapping all equations...
Building and optimizing final netlist ...
Found area constraint ratio of 100 (+ 5) on block archivo_registro, actual ratio is 2.

Final Macro Processing ...

=========================================================================
Final Register Report

Macro Statistics
# Registers                                            : 128
 Flip-Flops                                            : 128

=========================================================================

=========================================================================
*                           Partition Report                            *
=========================================================================

Partition Implementation Status
-------------------------------

  No Partitions were found in this design.

-------------------------------

=========================================================================
*                            Design Summary                             *
=========================================================================

Top Level Output File Name         : archivo_registro.ngc

Primitive and Black Box Usage:
------------------------------
# BELS                             : 120
#      LUT6                        : 112
#      MUXF7                       : 8
# FlipFlops/Latches                : 128
#      FDCE                        : 128
# Clock Buffers                    : 1
#      BUFGP                       : 1
# IO Buffers                       : 29
#      IBUF                        : 21
#      OBUF                        : 8

Device utilization summary:
---------------------------

Selected Device : 6slx16csg324-3 


Slice Logic Utilization: 
 Number of Slice Registers:             128  out of  18224     0%  
 Number of Slice LUTs:                  112  out of   9112     1%  
    Number used as Logic:               112  out of   9112     1%  

Slice Logic Distribution: 
 Number of LUT Flip Flop pairs used:    172
   Number with an unused Flip Flop:      44  out of    172    25%  
   Number with an unused LUT:            60  out of    172    34%  
   Number of fully used LUT-FF pairs:    68  out of    172    39%  
   Number of unique control sets:        32

IO Utilization: 
 Number of IOs:                          30
 Number of bonded IOBs:                  30  out of    232    12%  

Specific Feature Utilization:
 Number of BUFG/BUFGCTRLs:                1  out of     16     6%  

---------------------------
Partition Resource Summary:
---------------------------

  No Partitions were found in this design.

---------------------------


=========================================================================
Timing Report

NOTE: THESE TIMING NUMBERS ARE ONLY A SYNTHESIS ESTIMATE.
      FOR ACCURATE TIMING INFORMATION PLEASE REFER TO THE TRACE REPORT
      GENERATED AFTER PLACE-and-ROUTE.

Clock Information:
------------------
-----------------------------------+------------------------+-------+
Clock Signal                       | Clock buffer(FF name)  | Load  |
-----------------------------------+------------------------+-------+
clk                                | BUFGP                  | 128   |
-----------------------------------+------------------------+-------+

Asynchronous Control Signals Information:
----------------------------------------
No asynchronous control signals found in this design

Timing Summary:
---------------
Speed Grade: -3

   Minimum period: No path found
   Minimum input arrival time before clock: 4.086ns
   Maximum output required time after clock: 5.834ns
   Maximum combinational path delay: 7.401ns

Timing Details:
---------------
All values displayed in nanoseconds (ns)

=========================================================================
Timing constraint: Default OFFSET IN BEFORE for Clock 'clk'
  Total number of paths / destination ports: 1024 / 384
-------------------------------------------------------------------------
Offset:              4.086ns (Levels of Logic = 2)
  Source:            sel_w_d<3> (PAD)
  Destination:       reg31/q_aux_3 (FF)
  Destination Clock: clk rising

  Data Path: sel_w_d<3> to reg31/q_aux_3
                                Gate     Net
    Cell:in->out      fanout   Delay   Delay  Logical Name (Net Name)
    ----------------------------------------  ------------
     IBUF:I->O            32   1.222   1.656  sel_w_d_3_IBUF (sel_w_d_3_IBUF)
     LUT6:I0->O            4   0.203   0.683  decodificador/Mmux_O210 (o_aux<10>)
     FDCE:CE                   0.322          reg10/q_aux_0
    ----------------------------------------
    Total                      4.086ns (1.747ns logic, 2.339ns route)
                                       (42.8% logic, 57.2% route)

=========================================================================
Timing constraint: Default OFFSET OUT AFTER for Clock 'clk'
  Total number of paths / destination ports: 256 / 8
-------------------------------------------------------------------------
Offset:              5.834ns (Levels of Logic = 4)
  Source:            reg26/q_aux_3 (FF)
  Destination:       o_r<3> (PAD)
  Source Clock:      clk rising

  Data Path: reg26/q_aux_3 to o_r<3>
                                Gate     Net
    Cell:in->out      fanout   Delay   Delay  Logical Name (Net Name)
    ----------------------------------------  ------------
     FDCE:C->Q             2   0.447   0.864  reg26/q_aux_3 (reg26/q_aux_3)
     LUT6:I2->O            1   0.203   0.827  mux_r/Mmux_O_810 (mux_r/Mmux_O_810)
     LUT6:I2->O            1   0.203   0.000  mux_r/Mmux_O_33 (mux_r/Mmux_O_33)
     MUXF7:I1->O           1   0.140   0.579  mux_r/Mmux_O_2_f7_2 (o_r_3_OBUF)
     OBUF:I->O                 2.571          o_r_3_OBUF (o_r<3>)
    ----------------------------------------
    Total                      5.834ns (3.564ns logic, 2.270ns route)
                                       (61.1% logic, 38.9% route)

=========================================================================
Timing constraint: Default path analysis
  Total number of paths / destination ports: 168 / 8
-------------------------------------------------------------------------
Delay:               7.401ns (Levels of Logic = 5)
  Source:            sel_read_r<1> (PAD)
  Destination:       o_r<3> (PAD)

  Data Path: sel_read_r<1> to o_r<3>
                                Gate     Net
    Cell:in->out      fanout   Delay   Delay  Logical Name (Net Name)
    ----------------------------------------  ------------
     IBUF:I->O            32   1.222   1.656  sel_read_r_1_IBUF (sel_read_r_1_IBUF)
     LUT6:I0->O            1   0.203   0.827  mux_r/Mmux_O_81 (mux_r/Mmux_O_81)
     LUT6:I2->O            1   0.203   0.000  mux_r/Mmux_O_3 (mux_r/Mmux_O_3)
     MUXF7:I1->O           1   0.140   0.579  mux_r/Mmux_O_2_f7 (o_r_0_OBUF)
     OBUF:I->O                 2.571          o_r_0_OBUF (o_r<0>)
    ----------------------------------------
    Total                      7.401ns (4.339ns logic, 3.062ns route)
                                       (58.6% logic, 41.4% route)

=========================================================================

Cross Clock Domains Report:
--------------------------

=========================================================================


Total REAL time to Xst completion: 8.00 secs
Total CPU time to Xst completion: 8.34 secs
 
--> 

Total memory usage is 146156 kilobytes

Number of errors   :    0 (   0 filtered)
Number of warnings :    0 (   0 filtered)
Number of infos    :    1 (   0 filtered)

