Release 14.7 - xst P.20131013 (nt)
Copyright (c) 1995-2013 Xilinx, Inc.  All rights reserved.
--> Parameter TMPDIR set to xst/projnav.tmp


Total REAL time to Xst completion: 0.00 secs
Total CPU time to Xst completion: 0.16 secs
 
--> Parameter xsthdpdir set to xst


Total REAL time to Xst completion: 0.00 secs
Total CPU time to Xst completion: 0.16 secs
 
--> Reading design: dec_instruccion.prj

TABLE OF CONTENTS
  1) Synthesis Options Summary
  2) HDL Parsing
  3) HDL Elaboration
  4) HDL Synthesis
       4.1) HDL Synthesis Report
  5) Advanced HDL Synthesis
       5.1) Advanced HDL Synthesis Report
  6) Low Level Synthesis
  7) Partition Report
  8) Design Summary
       8.1) Primitive and Black Box Usage
       8.2) Device utilization summary
       8.3) Partition Resource Summary
       8.4) Timing Report
            8.4.1) Clock Information
            8.4.2) Asynchronous Control Signals Information
            8.4.3) Timing Summary
            8.4.4) Timing Details
            8.4.5) Cross Clock Domains Report


=========================================================================
*                      Synthesis Options Summary                        *
=========================================================================
---- Source Parameters
Input File Name                    : "dec_instruccion.prj"
Ignore Synthesis Constraint File   : NO

---- Target Parameters
Output File Name                   : "dec_instruccion"
Output Format                      : NGC
Target Device                      : xc6slx16-3-csg324

---- Source Options
Top Module Name                    : dec_instruccion
Automatic FSM Extraction           : YES
FSM Encoding Algorithm             : Auto
Safe Implementation                : No
FSM Style                          : LUT
RAM Extraction                     : Yes
RAM Style                          : Auto
ROM Extraction                     : Yes
Shift Register Extraction          : YES
ROM Style                          : Auto
Resource Sharing                   : YES
Asynchronous To Synchronous        : NO
Shift Register Minimum Size        : 2
Use DSP Block                      : Auto
Automatic Register Balancing       : No

---- Target Options
LUT Combining                      : Auto
Reduce Control Sets                : Auto
Add IO Buffers                     : YES
Global Maximum Fanout              : 100000
Add Generic Clock Buffer(BUFG)     : 16
Register Duplication               : YES
Optimize Instantiated Primitives   : NO
Use Clock Enable                   : Auto
Use Synchronous Set                : Auto
Use Synchronous Reset              : Auto
Pack IO Registers into IOBs        : Auto
Equivalent register Removal        : YES

---- General Options
Optimization Goal                  : Speed
Optimization Effort                : 1
Power Reduction                    : NO
Keep Hierarchy                     : No
Netlist Hierarchy                  : As_Optimized
RTL Output                         : Yes
Global Optimization                : AllClockNets
Read Cores                         : YES
Write Timing Constraints           : NO
Cross Clock Analysis               : NO
Hierarchy Separator                : /
Bus Delimiter                      : <>
Case Specifier                     : Maintain
Slice Utilization Ratio            : 100
BRAM Utilization Ratio             : 100
DSP48 Utilization Ratio            : 100
Auto BRAM Packing                  : NO
Slice Utilization Ratio Delta      : 5

=========================================================================


=========================================================================
*                          HDL Parsing                                  *
=========================================================================
Parsing VHDL file "C:\Documents and Settings\Juan Molina\Mis documentos\Arquitectura\Practica4_arreglo\dec_instruccion\dec_instruccion.vhd" into library work
Parsing entity <dec_instruccion>.
Parsing architecture <Behavioral> of entity <dec_instruccion>.

=========================================================================
*                            HDL Elaboration                            *
=========================================================================

Elaborating entity <dec_instruccion> (architecture <Behavioral>) from library <work>.

=========================================================================
*                           HDL Synthesis                               *
=========================================================================

Synthesizing Unit <dec_instruccion>.
    Related source file is "C:\Documents and Settings\Juan Molina\Mis documentos\Arquitectura\Practica4_arreglo\dec_instruccion\dec_instruccion.vhd".
    Found 8x1-bit Read Only RAM for signal <sel_rel>
    Found 16x1-bit Read Only RAM for signal <en_port>
    Found 5-bit comparator equal for signal <instr[9]_instr[8]_equal_2_o> created at line 76
    Found 2-bit comparator lessequal for signal <n0008> created at line 129
    Found 2-bit comparator greater for signal <instr[11]_INV_6_o> created at line 163
    Found 4-bit comparator lessequal for signal <n0027> created at line 199
    Summary:
	inferred   2 RAM(s).
	inferred   4 Comparator(s).
	inferred  74 Multiplexer(s).
Unit <dec_instruccion> synthesized.

=========================================================================
HDL Synthesis Report

Macro Statistics
# RAMs                                                 : 2
 16x1-bit single-port Read Only RAM                    : 1
 8x1-bit single-port Read Only RAM                     : 1
# Comparators                                          : 4
 2-bit comparator greater                              : 1
 2-bit comparator lessequal                            : 1
 4-bit comparator lessequal                            : 1
 5-bit comparator equal                                : 1
# Multiplexers                                         : 74
 1-bit 2-to-1 multiplexer                              : 28
 3-bit 2-to-1 multiplexer                              : 12
 5-bit 2-to-1 multiplexer                              : 34

=========================================================================

=========================================================================
*                       Advanced HDL Synthesis                          *
=========================================================================


Synthesizing (advanced) Unit <dec_instruccion>.
INFO:Xst:3218 - HDL ADVISOR - The RAM <Mram_sel_rel> will be implemented on LUTs either because you have described an asynchronous read or because of currently unsupported block RAM features. If you have described an asynchronous read, making it synchronous would allow you to take advantage of available block RAM resources, for optimized device usage and improved timings. Please refer to your documentation for coding guidelines.
    -----------------------------------------------------------------------
    | ram_type           | Distributed                         |          |
    -----------------------------------------------------------------------
    | Port A                                                              |
    |     aspect ratio   | 8-word x 1-bit                      |          |
    |     weA            | connected to signal <GND>           | high     |
    |     addrA          | connected to signal <instr<15:13>>  |          |
    |     diA            | connected to signal <GND>           |          |
    |     doA            | connected to signal <sel_rel>       |          |
    -----------------------------------------------------------------------
INFO:Xst:3218 - HDL ADVISOR - The RAM <Mram_en_port> will be implemented on LUTs either because you have described an asynchronous read or because of currently unsupported block RAM features. If you have described an asynchronous read, making it synchronous would allow you to take advantage of available block RAM resources, for optimized device usage and improved timings. Please refer to your documentation for coding guidelines.
    -----------------------------------------------------------------------
    | ram_type           | Distributed                         |          |
    -----------------------------------------------------------------------
    | Port A                                                              |
    |     aspect ratio   | 16-word x 1-bit                     |          |
    |     weA            | connected to signal <GND>           | high     |
    |     addrA          | connected to signal <instr<15:12>>  |          |
    |     diA            | connected to signal <GND>           |          |
    |     doA            | connected to signal <en_port>       |          |
    -----------------------------------------------------------------------
Unit <dec_instruccion> synthesized (advanced).

=========================================================================
Advanced HDL Synthesis Report

Macro Statistics
# RAMs                                                 : 2
 16x1-bit single-port distributed Read Only RAM        : 1
 8x1-bit single-port distributed Read Only RAM         : 1
# Comparators                                          : 4
 2-bit comparator greater                              : 1
 2-bit comparator lessequal                            : 1
 4-bit comparator lessequal                            : 1
 5-bit comparator equal                                : 1
# Multiplexers                                         : 74
 1-bit 2-to-1 multiplexer                              : 28
 3-bit 2-to-1 multiplexer                              : 12
 5-bit 2-to-1 multiplexer                              : 34

=========================================================================

=========================================================================
*                         Low Level Synthesis                           *
=========================================================================

Optimizing unit <dec_instruccion> ...

Mapping all equations...
Building and optimizing final netlist ...
Found area constraint ratio of 100 (+ 5) on block dec_instruccion, actual ratio is 0.

Final Macro Processing ...

=========================================================================
Final Register Report

Found no macro
=========================================================================

=========================================================================
*                           Partition Report                            *
=========================================================================

Partition Implementation Status
-------------------------------

  No Partitions were found in this design.

-------------------------------

=========================================================================
*                            Design Summary                             *
=========================================================================

Top Level Output File Name         : dec_instruccion.ngc

Primitive and Black Box Usage:
------------------------------
# BELS                             : 49
#      GND                         : 1
#      LUT2                        : 10
#      LUT3                        : 3
#      LUT4                        : 8
#      LUT5                        : 6
#      LUT6                        : 19
#      MUXF7                       : 2
# IO Buffers                       : 45
#      IBUF                        : 16
#      OBUF                        : 29

Device utilization summary:
---------------------------

Selected Device : 6slx16csg324-3 


Slice Logic Utilization: 
 Number of Slice LUTs:                   46  out of   9112     0%  
    Number used as Logic:                46  out of   9112     0%  

Slice Logic Distribution: 
 Number of LUT Flip Flop pairs used:     46
   Number with an unused Flip Flop:      46  out of     46   100%  
   Number with an unused LUT:             0  out of     46     0%  
   Number of fully used LUT-FF pairs:     0  out of     46     0%  
   Number of unique control sets:         0

IO Utilization: 
 Number of IOs:                          45
 Number of bonded IOBs:                  45  out of    232    19%  

Specific Feature Utilization:

---------------------------
Partition Resource Summary:
---------------------------

  No Partitions were found in this design.

---------------------------


=========================================================================
Timing Report

NOTE: THESE TIMING NUMBERS ARE ONLY A SYNTHESIS ESTIMATE.
      FOR ACCURATE TIMING INFORMATION PLEASE REFER TO THE TRACE REPORT
      GENERATED AFTER PLACE-and-ROUTE.

Clock Information:
------------------
No clock signals found in this design

Asynchronous Control Signals Information:
----------------------------------------
No asynchronous control signals found in this design

Timing Summary:
---------------
Speed Grade: -3

   Minimum period: No path found
   Minimum input arrival time before clock: No path found
   Maximum output required time after clock: No path found
   Maximum combinational path delay: 9.029ns

Timing Details:
---------------
All values displayed in nanoseconds (ns)

=========================================================================
Timing constraint: Default path analysis
  Total number of paths / destination ports: 397 / 28
-------------------------------------------------------------------------
Delay:               9.029ns (Levels of Logic = 6)
  Source:            instr<0> (PAD)
  Destination:       sel_read_r<4> (PAD)

  Data Path: instr<0> to sel_read_r<4>
                                Gate     Net
    Cell:in->out      fanout   Delay   Delay  Logical Name (Net Name)
    ----------------------------------------  ------------
     IBUF:I->O            10   1.222   1.221  instr_0_IBUF (instr_0_IBUF)
     LUT6:I0->O            1   0.203   0.924  instr[9]_instr[8]_equal_2_o5_SW0 (N01)
     LUT5:I0->O            3   0.203   0.879  instr[9]_instr[8]_equal_2_o5 (instr[9]_instr[8]_equal_2_o)
     LUT4:I1->O            5   0.205   0.819  Mmux_sel_read_r102_SW0 (N4)
     LUT6:I4->O            1   0.203   0.579  Mmux_sel_read_r61 (sel_read_r_2_OBUF)
     OBUF:I->O                 2.571          sel_read_r_2_OBUF (sel_read_r<2>)
    ----------------------------------------
    Total                      9.029ns (4.607ns logic, 4.422ns route)
                                       (51.0% logic, 49.0% route)

=========================================================================

Cross Clock Domains Report:
--------------------------

=========================================================================


Total REAL time to Xst completion: 9.00 secs
Total CPU time to Xst completion: 8.66 secs
 
--> 

Total memory usage is 145196 kilobytes

Number of errors   :    0 (   0 filtered)
Number of warnings :    0 (   0 filtered)
Number of infos    :    2 (   0 filtered)

